// Jest Snapshot v1, https://goo.gl/fbAQLP

exports[`Drink Card should match snapshot 1`] = `ShallowWrapper {}`;
