// Jest Snapshot v1, https://goo.gl/fbAQLP

exports[`Sidebar should match the snapshot 1`] = `ShallowWrapper {}`;
