// Jest Snapshot v1, https://goo.gl/fbAQLP

exports[`Random Drink Card should render correctly 1`] = `ShallowWrapper {}`;
