// Jest Snapshot v1, https://goo.gl/fbAQLP

exports[`Ingredients shuld match the snapshot 1`] = `ShallowWrapper {}`;
